[2026-07-23 22:02:43] [INFO] [logger_smoke_test] [PID:16848]: Testing Enterprise Logger Module...
[2026-07-23 22:02:43] [INFO] [logger_smoke_test] [PID:16848]: [PREDICTION] Input: 'chest pain shortness of breath...' | Predicted: 'Panic Disorder' | Confidence: 0.9421 | Latency: 12.40ms
[2026-07-23 22:02:43] [INFO] [logger_smoke_test] [PID:16848]: [TRAINING] Model: XGBoost Classifier | Status: COMPLETED | Duration: 4.12s | Metrics: {accuracy: 0.9650, f1_score: 0.9630}
[2026-07-23 22:02:43] [INFO] [logger_smoke_test] [PID:16848]: [ARTIFACT] Action: SAVE | Item: Model Pickle | Path: 'C:\Users\raiva\OneDrive\Desktop\AI_Medical_Diagnosis_Assistant\models\model.pkl'
[2026-07-23 22:03:06] [INFO] [__main__] [PID:8716]: Executing Utils module smoke test...
[2026-07-23 22:03:06] [INFO] [__main__] [PID:8716]: [ARTIFACT] Action: SAVE | Item: JSON Configuration | Path: 'C:\Users\raiva\OneDrive\Desktop\AI_Medical_Diagnosis_Assistant\models\test_config.json'
[2026-07-23 22:03:06] [INFO] [__main__] [PID:8716]: [ARTIFACT] Action: LOAD | Item: JSON Configuration | Path: 'C:\Users\raiva\OneDrive\Desktop\AI_Medical_Diagnosis_Assistant\models\test_config.json'
[2026-07-23 22:03:06] [INFO] [__main__] [PID:8716]: Utils smoke test completed successfully.
[2026-07-23 22:04:31] [INFO] [__main__] [PID:20216]: Executing DiseaseModelTrainer CLI pipeline...
[2026-07-23 22:04:31] [INFO] [__main__] [PID:20216]: Initializing Disease Diagnosis Model Training Pipeline...
[2026-07-23 22:04:31] [INFO] [__main__] [PID:20216]: Loading dataset from 'C:\Users\raiva\OneDrive\Desktop\AI_Medical_Diagnosis_Assistant\dataset\final_symptoms_to_disease.csv'...
[2026-07-23 22:04:32] [INFO] [__main__] [PID:20216]: Dataset loaded. Initial rows: 192715, Cleaned rows: 163727, Unique diseases: 254
[2026-07-23 22:04:32] [INFO] [__main__] [PID:20216]: Preprocessing symptom text documents...
[2026-07-23 22:04:50] [INFO] [__main__] [PID:20216]: Encoding target disease classes...
[2026-07-23 22:04:50] [INFO] [__main__] [PID:20216]: Encoded 254 distinct disease categories.
[2026-07-23 22:04:50] [INFO] [__main__] [PID:20216]: Extracting TF-IDF text features...
[2026-07-23 22:04:55] [INFO] [__main__] [PID:20216]: Starting 5-Fold Stratified Cross Validation benchmark across 6 models...
[2026-07-23 22:04:55] [INFO] [__main__] [PID:20216]: [TRAINING] Model: Logistic Regression | Status: STARTED
[2026-07-23 22:05:44] [INFO] [__main__] [PID:19988]: Executing ModelEvaluator smoke test...
[2026-07-23 22:05:44] [INFO] [__main__] [PID:19988]: Initialized ModelEvaluator with output directory 'C:\Users\raiva\OneDrive\Desktop\AI_Medical_Diagnosis_Assistant\reports'
[2026-07-23 22:05:46] [INFO] [__main__] [PID:19988]: Saved confusion matrix plot to 'C:\Users\raiva\OneDrive\Desktop\AI_Medical_Diagnosis_Assistant\reports\test_cm.png'
[2026-07-23 22:05:48] [INFO] [__main__] [PID:19988]: Saved model comparison plot to 'C:\Users\raiva\OneDrive\Desktop\AI_Medical_Diagnosis_Assistant\reports\test_comp.png'
[2026-07-23 22:05:48] [INFO] [__main__] [PID:19988]: ModelEvaluator smoke test completed successfully.
[2026-07-23 22:06:38] [INFO] [ml.train_model] [PID:21800]: Initializing Disease Diagnosis Model Training Pipeline...
[2026-07-23 22:06:38] [INFO] [ml.train_model] [PID:21800]: Loading dataset from 'C:\Users\raiva\OneDrive\Desktop\AI_Medical_Diagnosis_Assistant\dataset\final_symptoms_to_disease.csv'...
[2026-07-23 22:06:40] [INFO] [ml.train_model] [PID:21800]: Dataset loaded. Initial rows: 192715, Cleaned rows: 163727, Unique diseases: 254
[2026-07-23 22:06:40] [INFO] [ml.train_model] [PID:21800]: Preprocessing symptom text documents...
[2026-07-23 22:07:04] [INFO] [ml.train_model] [PID:21800]: Encoding target disease classes...
[2026-07-23 22:07:05] [INFO] [ml.train_model] [PID:21800]: Encoded 254 distinct disease categories.
[2026-07-23 22:07:05] [INFO] [ml.train_model] [PID:21800]: Extracting TF-IDF text features...
[2026-07-23 22:07:13] [INFO] [ml.train_model] [PID:21800]: Starting 5-Fold Stratified Cross Validation benchmark across 6 models...
[2026-07-23 22:07:13] [INFO] [ml.train_model] [PID:21800]: [TRAINING] Model: Logistic Regression | Status: STARTED
[2026-07-23 22:08:22] [INFO] [__main__] [PID:20216]: [TRAINING] Model: Logistic Regression | Status: COMPLETED | Duration: 207.22s | Metrics: {accuracy: 0.8518, precision: 0.8716, recall: 0.8518, f1_score: 0.8540, fit_time_sec: 168.2299}
[2026-07-23 22:08:22] [INFO] [__main__] [PID:20216]: [TRAINING] Model: Naive Bayes | Status: STARTED
[2026-07-23 22:08:33] [INFO] [utils] [PID:5152]: [ARTIFACT] Action: SAVE | Item: Trained Model | Path: 'C:\Users\raiva\OneDrive\Desktop\AI_Medical_Diagnosis_Assistant\models\model.pkl'
[2026-07-23 22:08:33] [INFO] [utils] [PID:5152]: [ARTIFACT] Action: SAVE | Item: TF-IDF Vectorizer | Path: 'C:\Users\raiva\OneDrive\Desktop\AI_Medical_Diagnosis_Assistant\models\vectorizer.pkl'
[2026-07-23 22:08:33] [INFO] [utils] [PID:5152]: [ARTIFACT] Action: SAVE | Item: Label Encoder | Path: 'C:\Users\raiva\OneDrive\Desktop\AI_Medical_Diagnosis_Assistant\models\label_encoder.pkl'
[2026-07-23 22:08:33] [INFO] [utils] [PID:5152]: [ARTIFACT] Action: SAVE | Item: JSON Configuration | Path: 'C:\Users\raiva\OneDrive\Desktop\AI_Medical_Diagnosis_Assistant\models\config.json'
[2026-07-23 22:08:49] [INFO] [__main__] [PID:20216]: [TRAINING] Model: Naive Bayes | Status: COMPLETED | Duration: 27.48s | Metrics: {accuracy: 0.8095, precision: 0.8425, recall: 0.8095, f1_score: 0.8031, fit_time_sec: 2.3287}
[2026-07-23 22:08:50] [INFO] [__main__] [PID:20216]: [TRAINING] Model: Random Forest | Status: STARTED
[2026-07-23 22:09:49] [INFO] [__main__] [PID:19352]: Executing DiseasePredictor CLI demo...
[2026-07-23 22:09:49] [INFO] [__main__] [PID:19352]: Loading production disease diagnosis artifacts...
[2026-07-23 22:09:57] [INFO] [utils] [PID:19352]: [ARTIFACT] Action: LOAD | Item: Trained Model | Path: 'C:\Users\raiva\OneDrive\Desktop\AI_Medical_Diagnosis_Assistant\models\model.pkl'
[2026-07-23 22:09:57] [INFO] [utils] [PID:19352]: [ARTIFACT] Action: LOAD | Item: TF-IDF Vectorizer | Path: 'C:\Users\raiva\OneDrive\Desktop\AI_Medical_Diagnosis_Assistant\models\vectorizer.pkl'
[2026-07-23 22:09:57] [INFO] [utils] [PID:19352]: [ARTIFACT] Action: LOAD | Item: Label Encoder | Path: 'C:\Users\raiva\OneDrive\Desktop\AI_Medical_Diagnosis_Assistant\models\label_encoder.pkl'
[2026-07-23 22:09:57] [INFO] [__main__] [PID:19352]: All inference artifacts successfully loaded into memory.
[2026-07-23 22:09:57] [INFO] [__main__] [PID:19352]: [PREDICTION] Input: 'Patient reports severe chest pain, shortness of breath, dizz...' | Predicted: 'ischemic heart disease' | Confidence: 0.3380 | Latency: 16.78ms
